src/controllers/projectController.ts(693,1): error TS1005: '}' expected.
