yarn run v1.22.22
$ C:\Users\giang\OneDrive\Desktop\gitpj\manage-remote-deploy-git\backend\node_modules\.bin\tsc --noEmit
Done in 11.39s.
